Microchip MPLAB XC8 Compiler V2.40

Linker command line:

-W-3 \
  --edf=C:\Program Files\Microchip\xc8\v2.40\pic\dat\20220703182018_en.msgs \
  -cn -h+dist/default/production\Lab_06_simpleDisplay.X.production.sym \
  --cmf=dist/default/production\Lab_06_simpleDisplay.X.production.cmf -z \
  -w9 --disl=596:off --norlf -Q18F24K22 \
  -oC:\Users\Abdullah\AppData\Local\Temp\xcAs8gg.4 --defsym=__MPLAB_BUILD=1 \
  -Mdist/default/production/Lab_06_simpleDisplay.X.production.map \
  --md=C:\Users\Abdullah\AppData\Local\Temp\xcAs8gg.dat -E1 \
  -ver=XC8 Compiler --acfsm=1493 -ACODE=00h-03FFFh -ACONST=00h-03FFFh \
  -ASMALLCONST=0300h-03FFhx61 -AMEDIUMCONST=0300h-03FFFh -ACOMRAM=01h-05Fh \
  -AABS1=00h-02FFh -ABIGRAM=01h-02FFh -ARAM=060h-0FFh,0100h-01FFhx2 \
  -ABANK0=060h-0FFh -ABANK1=0100h-01FFh -ABANK2=0200h-02FFh \
  -ASFR=0F38h-0F5Fh,0F60h-0FFFh -ABIGSFR=0F38h-0FFFh \
  -ACONFIG=0300000h-030000Dh -AIDLOC=0200000h-0200007h \
  -AEEDATA=0F00000h-0F000FFh -peeprom_data=EEDATA \
  -preset_vec=00h,intcode,intcodelo,powerup,init -pramtop=0300h \
  -psmallconst=SMALLCONST -pmediumconst=MEDIUMCONST -pconst=CONST \
  -AFARRAM=00h-00h \
  -prdata=COMRAM,nvrram=COMRAM,nvbit=COMRAM,rbss=COMRAM,rbit=COMRAM \
  -pfarbss=FARRAM,fardata=FARRAM,nvFARRAM=FARRAM \
  -pintsave_regs=BIGRAM,bigbss=BIGRAM,bigdata=BIGRAM -pbss=RAM \
  -pidata=CODE,irdata=CODE,ibigdata=CODE,ifardata=CODE \
  C:\Users\Abdullah\AppData\Local\Temp\xcAs8gg.o \
  dist/default/production\Lab_06_simpleDisplay.X.production.o 

Object code version is 3.11

Machine type is 18F24K22



                Name                               Link     Load   Length Selector   Space Scale
C:\Users\Abdullah\AppData\Local\Temp\xcAs8gg.o
                idloc                            200000   200000        8        0       5
                config                           300000   300000        E        0       4
                init                                 66       66        4        0       0
dist/default/production\Lab_06_simpleDisplay.X.production.o
                intcode                               0        0       66        0       0
                idloc                            200000   200000        8        0       5
                config                           300000   300000        E        0       4
                temp                                 1C       1C        1        1       1
                text9                              3B20     3B20       86     1D90       0
                text8                              39E8     39E8       3A     1CF4       0
                text7                              39A4     39A4       1E     1CD2       0
                text6                              3A5C     3A5C       5C     1D2E       0
                text5                              3C6A     3C6A      110     1E35       0
                text4                              3BA6     3BA6       C4     1DD3       0
                text3                              39C2     39C2       26     1CE1       0
                text2                              3D7A     3D7A      286     1EBD       0
                text1                              3AB8     3AB8       68     1D5C       0
                text0                              3A22     3A22       3A     1D11       0
                cstackCOMRAM                          1        1       14        1       1
                bssCOMRAM                            15       15        7        1       1
                cinit                              398E     398E       16     1CC7       0

TOTAL           Name                               Link     Load   Length     Space
        CLASS   CODE           
                intcode                               0        0       66         0
                init                                 66       66        4         0
                text9                              3B20     3B20       86         0
                text8                              39E8     39E8       3A         0
                text7                              39A4     39A4       1E         0
                text6                              3A5C     3A5C       5C         0
                text5                              3C6A     3C6A      110         0
                text4                              3BA6     3BA6       C4         0
                text3                              39C2     39C2       26         0
                text2                              3D7A     3D7A      286         0
                text1                              3AB8     3AB8       68         0
                text0                              3A22     3A22       3A         0
                cinit                              398E     398E       16         0

        CLASS   CONST          

        CLASS   SMALLCONST     

        CLASS   MEDIUMCONST    

        CLASS   COMRAM         
                temp                                 1C       1C        1         1
                cstackCOMRAM                          1        1       14         1
                bssCOMRAM                            15       15        7         1

        CLASS   ABS1           

        CLASS   BIGRAM         

        CLASS   RAM            

        CLASS   BANK0          

        CLASS   BANK1          

        CLASS   BANK2          

        CLASS   SFR            

        CLASS   BIGSFR         

        CLASS   CONFIG         
                config                           300000   300000        E         4

        CLASS   IDLOC          
                idloc                            200000   200000        8         5

        CLASS   EEDATA         

        CLASS   FARRAM         

        CLASS   HEAP           

        CLASS   STACK          



SEGMENTS        Name                           Load    Length   Top    Selector   Space  Class

                reset_vec                      000000  00006A  00006A         0       0  CODE    
                cstackCOMRAM                   000001  00001C  00001D         1       1  COMRAM  
                cinit                          00398E  000016  0039A4      1CC7       0  CODE    
                text7                          0039A4  00001E  0039C2      1CD2       0  CODE    
                text3                          0039C2  000026  0039E8      1CE1       0  CODE    
                text8                          0039E8  00003A  003A22      1CF4       0  CODE    
                text0                          003A22  00003A  003A5C      1D11       0  CODE    
                text6                          003A5C  00005C  003AB8      1D2E       0  CODE    
                text1                          003AB8  000068  003B20      1D5C       0  CODE    
                text9                          003B20  000086  003BA6      1D90       0  CODE    
                text4                          003BA6  0000C4  003C6A      1DD3       0  CODE    
                text5                          003C6A  000110  003D7A      1E35       0  CODE    
                text2                          003D7A  000286  004000      1EBD       0  CODE    


UNUSED ADDRESS RANGES

        Name                Unused          Largest block    Delta
        BANK0            000060-0000FF               A0
        BANK1            000100-0001FF              100
        BANK2            000200-0002FF              100
        BIGRAM           00001D-0002FF              2E3
        BIGSFR           000F38-000FFF               C8
        CODE             00006A-00398D             3924
        COMRAM           00001D-00005F               43
        CONST            00006A-00398D             3924
        EEDATA           F00000-F000FF              100
        MEDIUMCONST      000300-00398D             368E
        RAM              000060-0002FF              100
        SFR              000F38-000FFF               28
        SMALLCONST       000300-00398D              100

                                  Symbol Table

__HRAM                      (abs)        000000
__Habs1                     abs1         000000
__Hbank0                    bank0        000000
__Hbank1                    bank1        000000
__Hbank2                    bank2        000000
__Hbigbss                   bigbss       000000
__Hbigdata                  bigdata      000000
__Hbigram                   bigram       000000
__Hbigsfr                   bigsfr       000000
__Hbss                      bss          000000
__HbssCOMRAM                bssCOMRAM    000000
__Hcinit                    cinit        000000
__Hclrtext                  clrtext      000000
__Hcomram                   comram       000000
__Hconst                    const        000000
__HcstackCOMRAM             cstackCOMRAM 000000
__Hdata                     data         000000
__Heeprom_data              eeprom_data  000000
__Hfarbss                   farbss       000000
__Hfardata                  fardata      000000
__Hheap                     heap         000000
__Hibigdata                 ibigdata     000000
__Hidata                    idata        000000
__Hifardata                 ifardata     000000
__Hintcode_body             intcode_body 000000
__Hintentry                 intentry     000000
__Hintret                   intret       000000
__Hintsave_regs             intsave_regs 000000
__Hirdata                   irdata       000000
__Hmediumconst              mediumconst  000000
__HnvFARRAM                 nvFARRAM     000000
__Hnvbit                    nvbit        000000
__Hnvrram                   nvrram       000000
__Hparam                    rparam       000000
__Hram                      ram          000000
__Hrbit                     rbit         000000
__Hrbss                     rbss         000000
__Hrdata                    rdata        000000
__Hreset_vec                reset_vec    000000
__Hrparam                   rparam       000000
__Hsfr                      sfr          000000
__Hsmallconst               smallconst   000000
__Hspace_2                  (abs)        000000
__Hstack                    stack        000000
__Hstruct                   struct       000000
__Htext                     text         000000
__Htext0                    text0        000000
__Htext1                    text1        000000
__Htext2                    text2        000000
__Htext3                    text3        000000
__Htext4                    text4        000000
__Htext5                    text5        000000
__Htext6                    text6        000000
__Htext7                    text7        000000
__Htext8                    text8        000000
__Htext9                    text9        000000
__Labs1                     abs1         000000
__Lbank0                    bank0        000000
__Lbank1                    bank1        000000
__Lbank2                    bank2        000000
__Lbigbss                   bigbss       000000
__Lbigdata                  bigdata      000000
__Lbigram                   bigram       000000
__Lbigsfr                   bigsfr       000000
__Lbss                      bss          000000
__LbssCOMRAM                bssCOMRAM    000000
__Lcinit                    cinit        000000
__Lclrtext                  clrtext      000000
__Lcomram                   comram       000000
__Lconfig                   config       000000
__Lconst                    const        000000
__LcstackCOMRAM             cstackCOMRAM 000000
__Ldata                     data         000000
__Leeprom_data              eeprom_data  000000
__Lfarbss                   farbss       000000
__Lfardata                  fardata      000000
__Lheap                     heap         000000
__Libigdata                 ibigdata     000000
__Lidata                    idata        000000
__Lidloc                    idloc        000000
__Lifardata                 ifardata     000000
__Lintcode                  intcode      000000
__Lintcode_body             intcode_body 000000
__Lintentry                 intentry     000000
__Lintret                   intret       000000
__Lintsave_regs             intsave_regs 000000
__Lirdata                   irdata       000000
__Lmediumconst              mediumconst  000000
__LnvFARRAM                 nvFARRAM     000000
__Lnvbit                    nvbit        000000
__Lnvrram                   nvrram       000000
__Lparam                    rparam       000000
__Lram                      ram          000000
__Lrbit                     rbit         000000
__Lrbss                     rbss         000000
__Lrdata                    rdata        000000
__Lreset_vec                reset_vec    000000
__Lrparam                   rparam       000000
__Lsfr                      sfr          000000
__Lsmallconst               smallconst   000000
__Lspace_0                  (abs)        000000
__Lspace_1                  (abs)        000000
__Lspace_2                  (abs)        000000
__Lspace_4                  (abs)        000000
__Lstack                    stack        000000
__Lstruct                   struct       000000
__Ltext                     text         000000
__Ltext0                    text0        000000
__Ltext1                    text1        000000
__Ltext2                    text2        000000
__Ltext3                    text3        000000
__Ltext4                    text4        000000
__Ltext5                    text5        000000
__Ltext6                    text6        000000
__Ltext7                    text7        000000
__Ltext8                    text8        000000
__Ltext9                    text9        000000
__S4                        (abs)        000000
__S5                        (abs)        000000
___heap_hi                  (abs)        000000
___heap_lo                  (abs)        000000
___inthi_sp                 stack        000000
___intlo_sp                 stack        000000
___param_bank               (abs)        000000
___sp                       stack        000000
__activetblptr              (abs)        000000
__mediumconst               mediumconst  000000
__pintcode                  intcode      000000
__smallconst                smallconst   000000
_charSet16x7                                   
_charSet8x5                                    
_high_isr                   intcode      000000
intlevel0                   text         000000
intlevel1                   text         000000
intlevel2                   text         000000
intlevel3                   text         000000
isa$xinst                   (abs)        000000
stackhi                     (abs)        000000
stacklo                     (abs)        000000
__LRAM                      (abs)        000001
___rparam_used              (abs)        000001
__pcstackCOMRAM             cstackCOMRAM 000001
isa$std                     (abs)        000001
?___awdiv                   cstackCOMRAM 000003
?___wmul                    cstackCOMRAM 000003
GLCD_Write@dc               cstackCOMRAM 000003
___awdiv@dividend           cstackCOMRAM 000003
___wmul@multiplier          cstackCOMRAM 000003
GLCD_Write@data             cstackCOMRAM 000004
GLCD_Char2Out@col           cstackCOMRAM 000005
GLCD_ClearRow@row           cstackCOMRAM 000005
___awdiv@divisor            cstackCOMRAM 000005
___wmul@multiplicand        cstackCOMRAM 000005
GLCD_Char2Out@c             cstackCOMRAM 000006
GLCD_ClearRow@col           cstackCOMRAM 000006
GLCD_Clear@row              cstackCOMRAM 000007
___awdiv@counter            cstackCOMRAM 000007
___wmul@product             cstackCOMRAM 000007
___awdiv@sign               cstackCOMRAM 000008
GLCD_Char2Out@ptrCharBase   cstackCOMRAM 000009
___awdiv@quotient           cstackCOMRAM 000009
GLCD_Char2Out@row           cstackCOMRAM 00000C
GLCD_Char2Out@i             cstackCOMRAM 00000D
GLCD_Value2Out_00@col       cstackCOMRAM 00000E
GLCD_Value2Out_00@value     cstackCOMRAM 00000F
GLCD_Value2Out_00@min_dig   cstackCOMRAM 000011
GLCD_Value2Out_00@row       cstackCOMRAM 000012
GLCD_Value2Out_00@leading_0 cstackCOMRAM 000013
GLCD_Value2Out_00@chBuffer  cstackCOMRAM 000014
_LCD_busy_cnt               bssCOMRAM    000015
__pbssCOMRAM                bssCOMRAM    000015
_ADCresult                  bssCOMRAM    000017
_spiData                    bssCOMRAM    000019
_LCD_data                   bssCOMRAM    00001A
_flag                       bssCOMRAM    00001B
__Ltemp                     temp         00001C
btemp                       temp         00001C
int$flags                   temp         00001C
__Hspace_1                  (abs)        00001D
__Htemp                     temp         00001D
__S1                        (abs)        00001D
ttemp5                      temp         00001D
wtemp8                      temp         00001D
ttemp6                      temp         000020
ttemp7                      temp         000024
__accesstop                 (abs)        000060
__Hintcode                  intcode      000066
__Hintcodelo                intcodelo    000066
__Hpowerup                  powerup      000066
__Linit                     init         000066
__Lintcodelo                intcodelo    000066
__Lpowerup                  powerup      000066
__end_of_high_isr           intcode      000066
__Hinit                     init         00006A
__Hramtop                   ramtop       000300
__Lramtop                   ramtop       000300
__ramtop                    ramtop       000300
_ANSELA                     (abs)        000F38
_ANSELB                     (abs)        000F39
_CCPTMRS1bits               (abs)        000F48
_CCP5CONbits                (abs)        000F54
_CCPR5                      (abs)        000F55
_PORTBbits                  (abs)        000F81
_LATAbits                   (abs)        000F89
_LATB                       (abs)        000F8A
_LATBbits                   (abs)        000F8A
_LATCbits                   (abs)        000F8B
_TRISAbits                  (abs)        000F92
_TRISB                      (abs)        000F93
_TRISBbits                  (abs)        000F93
_TRISCbits                  (abs)        000F94
_PIE1bits                   (abs)        000F9D
_PIR1bits                   (abs)        000F9E
_ADCON2bits                 (abs)        000FC0
_ADCON1bits                 (abs)        000FC1
_ADCON0bits                 (abs)        000FC2
_ADRESL                     (abs)        000FC3
_ADRESH                     (abs)        000FC4
_T1GCONbits                 (abs)        000FCC
_T1CONbits                  (abs)        000FCD
_TMR1L                      (abs)        000FCE
_TMR1H                      (abs)        000FCF
_OSCCON                     (abs)        000FD3
_INTCONbits                 (abs)        000FF2
__initialization            cinit        00398E
__pcinit                    cinit        00398E
__end_of__initialization    cinit        00399A
_GLCD_Clear                 text7        0039A4
__ptext7                    text7        0039A4
___wmul                     text3        0039C2
__end_of_GLCD_Clear         text7        0039C2
__ptext3                    text3        0039C2
_GLCD_ClearRow              text8        0039E8
__end_of___wmul             text3        0039E8
__ptext8                    text8        0039E8
__end_of_GLCD_ClearRow      text8        003A22
__ptext0                    text0        003A22
_main                       text0        003A22
_GLCD_Init                  text6        003A5C
__end_of_main               text0        003A5C
__ptext6                    text6        003A5C
___init                     text1        003AB8
__end_of_GLCD_Init          text6        003AB8
__ptext1                    text1        003AB8
_GLCD_Write                 text9        003B20
__end_of___init             text1        003B20
__ptext9                    text9        003B20
___awdiv                    text4        003BA6
__end_of_GLCD_Write         text9        003BA6
__ptext4                    text4        003BA6
_GLCD_Char2Out              text5        003C6A
__end_of___awdiv            text4        003C6A
__ptext5                    text5        003C6A
_GLCD_Value2Out_00          text2        003D7A
__end_of_GLCD_Char2Out      text5        003D7A
__ptext2                    text2        003D7A
__Hspace_0                  (abs)        004000
__S0                        (abs)        004000
__end_of_GLCD_Value2Out_00  text2        004000
__Hidloc                    idloc        200008
__Hconfig                   config       30000E
__Hspace_4                  (abs)        60000E
end_of_initialization       cinit        00399A
start                       init         000066
start_initialization        cinit        00398E
